// Jest Snapshot v1, https://goo.gl/fbAQLP

exports[`TokenView component renders correctly, corresponds to the snapshot 1`] = `
<div
  className="MuiPaper-root MuiPaper-outlined MuiPaper-rounded MuiCard-root css-1v5z4dq-MuiPaper-root-MuiCard-root"
>
  <div
    className="MuiCardContent-root css-46bh2p-MuiCardContent-root"
  >
    <div
      className="MuiBox-root css-xi606m"
    >
      <div
        className="MuiDivider-root MuiDivider-fullWidth MuiDivider-withChildren css-16qoh2c-MuiDivider-root"
        role="separator"
      >
        <span
          className="MuiDivider-wrapper css-qywfm8-MuiDivider-wrapper"
        >
          <p
            className="MuiTypography-root MuiTypography-body2 css-r40f8v-MuiTypography-root"
          >
            Token Address
          </p>
        </span>
      </div>
      <a
        className="MuiTypography-root MuiTypography-inherit MuiTypography-alignCenter MuiLink-root MuiLink-underlineAlways css-1qm1xlu-MuiTypography-root-MuiLink-root"
        href="test-scanner/address/0xc748B2A084F8eFc47E086ccdDD9b7e67aEb571BF"
        onBlur={[Function]}
        onFocus={[Function]}
        rel="noreferrer"
        target="_blank"
      >
        0xc748B2A084F8eFc47E086ccdDD9b7e67aEb571BF
      </a>
    </div>
    <div
      className="MuiDivider-root MuiDivider-fullWidth MuiDivider-withChildren css-16qoh2c-MuiDivider-root"
      role="separator"
    >
      <span
        className="MuiDivider-wrapper css-qywfm8-MuiDivider-wrapper"
      >
        <p
          className="MuiTypography-root MuiTypography-body2 css-r40f8v-MuiTypography-root"
        >
          Token Transfers
        </p>
      </span>
    </div>
    <p
      className="MuiTypography-root MuiTypography-body2 css-1ypfif-MuiTypography-root"
    >
      test-scanner
    </p>
    <div
      className="MuiDivider-root MuiDivider-fullWidth MuiDivider-withChildren css-16qoh2c-MuiDivider-root"
      role="separator"
    >
      <span
        className="MuiDivider-wrapper css-qywfm8-MuiDivider-wrapper"
      >
        <p
          className="MuiTypography-root MuiTypography-body2 css-r40f8v-MuiTypography-root"
        >
          Token Approvals
        </p>
      </span>
    </div>
    <p
      className="MuiTypography-root MuiTypography-body2 css-1ypfif-MuiTypography-root"
    >
      1343
    </p>
    <div
      className="MuiDivider-root MuiDivider-fullWidth MuiDivider-withChildren css-16qoh2c-MuiDivider-root"
      role="separator"
    >
      <span
        className="MuiDivider-wrapper css-qywfm8-MuiDivider-wrapper"
      >
        <p
          className="MuiTypography-root MuiTypography-body2 css-r40f8v-MuiTypography-root"
        >
          Token Holders
        </p>
      </span>
    </div>
    <p
      className="MuiTypography-root MuiTypography-body2 css-1ypfif-MuiTypography-root"
    >
      12345
    </p>
    <div
      className="MuiDivider-root MuiDivider-fullWidth MuiDivider-withChildren css-16qoh2c-MuiDivider-root"
      role="separator"
    >
      <span
        className="MuiDivider-wrapper css-qywfm8-MuiDivider-wrapper"
      >
        <p
          className="MuiTypography-root MuiTypography-body2 css-r40f8v-MuiTypography-root"
        >
          Total Number Of Token Events
        </p>
      </span>
    </div>
    <p
      className="MuiTypography-root MuiTypography-body2 css-1ypfif-MuiTypography-root"
    >
      NaN
    </p>
  </div>
</div>
`;
